// Jest Snapshot v1, https://goo.gl/fbAQLP

exports[`renders correctly when there are no items 1`] = `
<div
  className="checkout-steps"
>
  <div
    className=""
  >
    Signin
  </div>
  <div
    className=""
  >
    Shipping
  </div>
  <div
    className=""
  >
    Payment
  </div>
  <div
    className=""
  >
    Place Order
  </div>
</div>
`;
